
example.elf:     file format elf32-littleriscv


Disassembly of section .text:

00000000 <_start>:
   0:	00000033          	add	zero,zero,zero
   4:	30509073          	csrw	mtvec,ra
   8:	00000097          	auipc	ra,0x0
   c:	03008093          	add	ra,ra,48 # 38 <_exception>
  10:	00010137          	lui	sp,0x10
  14:	ffc10113          	add	sp,sp,-4 # fffc <__global_pointer$+0xf738>
  18:	10000513          	li	a0,256
  1c:	deadc5b7          	lui	a1,0xdeadc
  20:	eef58593          	add	a1,a1,-273 # deadbeef <__global_pointer$+0xdeadb62b>
  24:	00b52023          	sw	a1,0(a0)
  28:	00052603          	lw	a2,0(a0)
  2c:	014000ef          	jal	40 <main>
  30:	00000033          	add	zero,zero,zero

00000034 <end>:
  34:	00100073          	ebreak

00000038 <_exception>:
  38:	34202573          	csrr	a0,mcause

0000003c <loop>:
  3c:	0000006f          	j	3c <loop>

00000040 <main>:
volatile unsigned int *iomap = (void*) (IO_BASE);

const char message[] = "Hello world from RISC-V HLS\r\n";


void main() {
  40:	fe010113          	add	sp,sp,-32
  44:	00812e23          	sw	s0,28(sp)
  48:	02010413          	add	s0,sp,32
	int sum;

	int size = sizeof(message);
  4c:	01e00793          	li	a5,30
  50:	fef42423          	sw	a5,-24(s0)
	for (int i=0;i<size;i++) {
  54:	fe042623          	sw	zero,-20(s0)
  58:	02c0006f          	j	84 <main+0x44>
		//while ((iomap[2]&0x80)!=0);
		iomap[1]= message[i];
  5c:	0a400713          	li	a4,164
  60:	fec42783          	lw	a5,-20(s0)
  64:	00f707b3          	add	a5,a4,a5
  68:	0007c703          	lbu	a4,0(a5)
  6c:	0c402783          	lw	a5,196(zero) # c4 <iomap>
  70:	00478793          	add	a5,a5,4
  74:	00e7a023          	sw	a4,0(a5)
	for (int i=0;i<size;i++) {
  78:	fec42783          	lw	a5,-20(s0)
  7c:	00178793          	add	a5,a5,1
  80:	fef42623          	sw	a5,-20(s0)
  84:	fec42703          	lw	a4,-20(s0)
  88:	fe842783          	lw	a5,-24(s0)
  8c:	fcf748e3          	blt	a4,a5,5c <main+0x1c>
	}

}
  90:	00000013          	nop
  94:	00000013          	nop
  98:	01c12403          	lw	s0,28(sp)
  9c:	02010113          	add	sp,sp,32
  a0:	00008067          	ret
